******************************************************************************
                  TI ARM Linker PC v20.2.6                     
******************************************************************************
>> Linked Mon Apr 18 22:24:12 2022

OUTPUT FILE NAME:   <APPS 1.8.out>
ENTRY POINT SYMBOL: "_c_int00_noargs"  address: 00000ad9


MEMORY CONFIGURATION

         name            origin    length      used     unused   attr    fill
----------------------  --------  ---------  --------  --------  ----  --------
  FLASH                 00000000   00040000  00000cfc  0003f304  R  X
  SRAM                  20000000   00008000  00000474  00007b8c  RW X


SEGMENT ALLOCATION MAP

run origin  load origin   length   init length attrs members
----------  ----------- ---------- ----------- ----- -------
00000000    00000000    00000d00   00000d00    r-x
  00000000    00000000    0000026c   0000026c    r-- .intvecs
  0000026c    0000026c    000009e0   000009e0    r-x .text
  00000c4c    00000c4c    00000080   00000080    r-- .const
  00000cd0    00000cd0    00000030   00000030    r-- .cinit
20000000    20000000    00000478   00000000    rw-
  20000000    20000000    0000026c   00000000    rw- .vtable
  20000270    20000270    00000200   00000000    rw- .stack
  20000470    20000470    00000008   00000000    rw- .data


SECTION ALLOCATION MAP

 output                                  attributes/
section   page    origin      length       input sections
--------  ----  ----------  ----------   ----------------
.intvecs   0    00000000    0000026c     
                  00000000    0000026c     tm4c123gh6pm_startup_ccs.obj (.intvecs)

.text      0    0000026c    000009e0     
                  0000026c    0000016c     driverlib.lib : gpio.obj (.text:GPIOPadConfigSet)
                  000003d8    00000118                   : sysctl.obj (.text:SysCtlClockGet)
                  000004f0    00000104     main.obj (.text)
                  000005f4    000000f4     driverlib.lib : sysctl.obj (.text:SysCtlClockSet)
                  000006e8    0000009c     rtsv7M4_T_le_v4SPD16_eabi.lib : memcpy_t2.asm.obj (.text)
                  00000784    0000007a     driverlib.lib : adc.obj (.text:ADCSequenceStepConfigure)
                  000007fe    00000002     --HOLE-- [fill = 0]
                  00000800    00000068                   : interrupt.obj (.text:IntEnable)
                  00000868    00000068     rtsv7M4_T_le_v4SPD16_eabi.lib : copy_decompress_lzss.c.obj (.text:decompress:lzss:__TI_decompress_lzss)
                  000008d0    00000060     driverlib.lib : timer.obj (.text:TimerConfigure)
                  00000930    0000005c                   : timer.obj (.text:TimerControlTrigger)
                  0000098c    00000050                   : adc.obj (.text:_ADCIntNumberGet)
                  000009dc    0000004e                   : adc.obj (.text:ADCSequenceConfigure)
                  00000a2a    00000002     --HOLE-- [fill = 0]
                  00000a2c    00000044     rtsv7M4_T_le_v4SPD16_eabi.lib : autoinit.c.obj (.text:__TI_auto_init_nobinit_nopinit:__TI_auto_init_nobinit_nopinit)
                  00000a70    00000034     driverlib.lib : interrupt.obj (.text:IntRegister)
                  00000aa4    00000034                   : sysctl.obj (.text:SysCtlPeripheralEnable)
                  00000ad8    00000034     rtsv7M4_T_le_v4SPD16_eabi.lib : boot_cortex_m.c.obj (.text:_c_int00_noargs:_c_int00_noargs)
                  00000b0c    0000002c     driverlib.lib : gpio.obj (.text:GPIODirModeSet)
                  00000b38    0000001e                   : adc.obj (.text:ADCSequenceDataGet)
                  00000b56    0000001c     rtsv7M4_T_le_v4SPD16_eabi.lib : copy_zero_init.c.obj (.text:decompress:ZI:__TI_zero_init_nomemset:__TI_zero_init_nomemset)
                  00000b72    0000001a     driverlib.lib : gpio.obj (.text:GPIOPinTypeGPIOOutput)
                  00000b8c    00000018                   : adc.obj (.text:ADCIntRegister)
                  00000ba4    00000016                   : gpio.obj (.text:GPIOPinTypeADC)
                  00000bba    00000012                   : timer.obj (.text:TimerLoadSet)
                  00000bcc    00000010                   : adc.obj (.text:ADCIntEnable)
                  00000bdc    00000010                   : interrupt.obj (.text:IntMasterEnable)
                  00000bec    0000000e                   : adc.obj (.text:ADCSequenceEnable)
                  00000bfa    0000000e                   : timer.obj (.text:TimerEnable)
                  00000c08    0000000e     rtsv7M4_T_le_v4SPD16_eabi.lib : copy_decompress_none.c.obj (.text:decompress:none:__TI_decompress_none)
                  00000c16    0000000c     driverlib.lib : cpu.obj (.text:CPUcpsie)
                  00000c22    0000000c     tm4c123gh6pm_startup_ccs.obj (.text)
                  00000c2e    0000000a     driverlib.lib : adc.obj (.text:ADCIntClear)
                  00000c38    00000006                   : gpio.obj (.text:GPIOPinWrite)
                  00000c3e    00000006                   : sysctl.obj (.text:SysCtlDelay)
                  00000c44    00000004     rtsv7M4_T_le_v4SPD16_eabi.lib : pre_init.c.obj (.text:_system_pre_init)
                  00000c48    00000004                                   : exit.c.obj (.text:abort:abort)

.const     0    00000c4c    00000080     
                  00000c4c    0000006c     driverlib.lib : sysctl.obj (.const:g_pui32Xtals)
                  00000cb8    00000014                   : interrupt.obj (.const:g_pui32EnRegs)

.cinit     0    00000cd0    00000030     
                  00000cd0    0000000c     (__TI_handler_table)
                  00000cdc    00000009     (.cinit..data.load) [load image, compression = lzss]
                  00000ce5    00000003     --HOLE-- [fill = 0]
                  00000ce8    00000008     (.cinit..vtable.load) [load image, compression = zero_init]
                  00000cf0    00000010     (__TI_cinit_table)

.init_array 
*          0    00000000    00000000     UNINITIALIZED

.vtable    0    20000000    0000026c     UNINITIALIZED
                  20000000    0000026c     driverlib.lib : interrupt.obj (.vtable)

.data      0    20000470    00000008     UNINITIALIZED
                  20000470    00000008     main.obj (.data)

.stack     0    20000270    00000200     UNINITIALIZED
                  20000270    00000004     rtsv7M4_T_le_v4SPD16_eabi.lib : boot_cortex_m.c.obj (.stack)
                  20000274    000001fc     --HOLE--

__llvm_prf_cnts 
*          0    20000000    00000000     UNINITIALIZED

MODULE SUMMARY

       Module                         code   ro data   rw data
       ------                         ----   -------   -------
    .\
       tm4c123gh6pm_startup_ccs.obj   12     620       0      
       main.obj                       260    0         8      
    +--+------------------------------+------+---------+---------+
       Total:                         272    620       8      
                                                              
    C:/ti/TivaWare_C_Series-2.2.0.295/driverlib/ccs/Debug/driverlib.lib
       interrupt.obj                  172    20        620    
       sysctl.obj                     582    108       0      
       gpio.obj                       462    0         0      
       adc.obj                        374    0         0      
       timer.obj                      220    0         0      
       cpu.obj                        12     0         0      
    +--+------------------------------+------+---------+---------+
       Total:                         1822   128       620    
                                                              
    C:\ti\ccs1110\ccs\tools\compiler\ti-cgt-arm_20.2.6.LTS\lib\rtsv7M4_T_le_v4SPD16_eabi.lib
       memcpy_t2.asm.obj              156    0         0      
       copy_decompress_lzss.c.obj     104    0         0      
       autoinit.c.obj                 68     0         0      
       boot_cortex_m.c.obj            52     0         0      
       copy_zero_init.c.obj           28     0         0      
       copy_decompress_none.c.obj     14     0         0      
       exit.c.obj                     4      0         0      
       pre_init.c.obj                 4      0         0      
    +--+------------------------------+------+---------+---------+
       Total:                         430    0         0      
                                                              
       Stack:                         0      0         512    
       Linker Generated:              0      45        0      
    +--+------------------------------+------+---------+---------+
       Grand Total:                   2524   793       1140   


LINKER GENERATED COPY TABLES

__TI_cinit_table @ 00000cf0 records: 2, size/record: 8, table size: 16
	.data: load addr=00000cdc, load size=00000009 bytes, run addr=20000470, run size=00000008 bytes, compression=lzss
	.vtable: load addr=00000ce8, load size=00000008 bytes, run addr=20000000, run size=0000026c bytes, compression=zero_init


LINKER GENERATED HANDLER TABLE

__TI_handler_table @ 00000cd0 records: 3, size/record: 4, table size: 12
	index: 0, handler: __TI_zero_init
	index: 1, handler: __TI_decompress_lzss
	index: 2, handler: __TI_decompress_none


GLOBAL SYMBOLS: SORTED ALPHABETICALLY BY Name 

address   name                          
-------   ----                          
00000c2f  ADCIntClear                   
00000bcd  ADCIntEnable                  
00000b8d  ADCIntRegister                
000009dd  ADCSequenceConfigure          
00000b39  ADCSequenceDataGet            
00000bed  ADCSequenceEnable             
00000785  ADCSequenceStepConfigure      
00000c49  C$$EXIT                       
00000c17  CPUcpsie                      
20000470  Fs                            
00000b0d  GPIODirModeSet                
0000026d  GPIOPadConfigSet              
00000ba5  GPIOPinTypeADC                
00000b73  GPIOPinTypeGPIOOutput         
00000c39  GPIOPinWrite                  
0000058f  GetSample                     
00000801  IntEnable                     
00000bdd  IntMasterEnable               
00000a71  IntRegister                   
00000c23  ResetISR                      
000003d9  SysCtlClockGet                
000005f5  SysCtlClockSet                
00000c3f  SysCtlDelay                   
00000aa5  SysCtlPeripheralEnable        
000008d1  TimerConfigure                
00000931  TimerControlTrigger           
00000bfb  TimerEnable                   
00000bbb  TimerLoadSet                  
20000470  __STACK_END                   
00000200  __STACK_SIZE                  
20000470  __STACK_TOP                   
00000cf0  __TI_CINIT_Base               
00000d00  __TI_CINIT_Limit              
00000cd0  __TI_Handler_Table_Base       
00000cdc  __TI_Handler_Table_Limit      
00000a2d  __TI_auto_init_nobinit_nopinit
00000869  __TI_decompress_lzss          
00000c09  __TI_decompress_none          
ffffffff  __TI_pprof_out_hndl           
ffffffff  __TI_prof_data_size           
ffffffff  __TI_prof_data_start          
00000000  __TI_static_base__            
00000b57  __TI_zero_init_nomemset       
000006e9  __aeabi_memcpy                
000006e9  __aeabi_memcpy4               
000006e9  __aeabi_memcpy8               
ffffffff  __binit__                     
ffffffff  __c_args__                    
UNDEFED   __mpu_init                    
20000270  __stack                       
20000000  __start___llvm_prf_cnts       
20000000  __stop___llvm_prf_cnts        
00000ad9  _c_int00_noargs               
UNDEFED   _system_post_cinit            
00000c45  _system_pre_init              
00000c49  abort                         
ffffffff  binit                         
20000000  g_pfnRAMVectors               
00000000  g_pfnVectors                  
000004f1  main                          
000006e9  memcpy                        
20000474  s                             


GLOBAL SYMBOLS: SORTED BY Symbol Address 

address   name                          
-------   ----                          
00000000  __TI_static_base__            
00000000  g_pfnVectors                  
00000200  __STACK_SIZE                  
0000026d  GPIOPadConfigSet              
000003d9  SysCtlClockGet                
000004f1  main                          
0000058f  GetSample                     
000005f5  SysCtlClockSet                
000006e9  __aeabi_memcpy                
000006e9  __aeabi_memcpy4               
000006e9  __aeabi_memcpy8               
000006e9  memcpy                        
00000785  ADCSequenceStepConfigure      
00000801  IntEnable                     
00000869  __TI_decompress_lzss          
000008d1  TimerConfigure                
00000931  TimerControlTrigger           
000009dd  ADCSequenceConfigure          
00000a2d  __TI_auto_init_nobinit_nopinit
00000a71  IntRegister                   
00000aa5  SysCtlPeripheralEnable        
00000ad9  _c_int00_noargs               
00000b0d  GPIODirModeSet                
00000b39  ADCSequenceDataGet            
00000b57  __TI_zero_init_nomemset       
00000b73  GPIOPinTypeGPIOOutput         
00000b8d  ADCIntRegister                
00000ba5  GPIOPinTypeADC                
00000bbb  TimerLoadSet                  
00000bcd  ADCIntEnable                  
00000bdd  IntMasterEnable               
00000bed  ADCSequenceEnable             
00000bfb  TimerEnable                   
00000c09  __TI_decompress_none          
00000c17  CPUcpsie                      
00000c23  ResetISR                      
00000c2f  ADCIntClear                   
00000c39  GPIOPinWrite                  
00000c3f  SysCtlDelay                   
00000c45  _system_pre_init              
00000c49  C$$EXIT                       
00000c49  abort                         
00000cd0  __TI_Handler_Table_Base       
00000cdc  __TI_Handler_Table_Limit      
00000cf0  __TI_CINIT_Base               
00000d00  __TI_CINIT_Limit              
20000000  __start___llvm_prf_cnts       
20000000  __stop___llvm_prf_cnts        
20000000  g_pfnRAMVectors               
20000270  __stack                       
20000470  Fs                            
20000470  __STACK_END                   
20000470  __STACK_TOP                   
20000474  s                             
ffffffff  __TI_pprof_out_hndl           
ffffffff  __TI_prof_data_size           
ffffffff  __TI_prof_data_start          
ffffffff  __binit__                     
ffffffff  __c_args__                    
ffffffff  binit                         
UNDEFED   __mpu_init                    
UNDEFED   _system_post_cinit            

[62 symbols]
