******************************************************************************
                  TI ARM Linker PC v20.2.6                     
******************************************************************************
>> Linked Sat Apr 16 10:10:18 2022

OUTPUT FILE NAME:   <APPS 1.4.out>
ENTRY POINT SYMBOL: "_c_int00_noargs"  address: 00000f69


MEMORY CONFIGURATION

         name            origin    length      used     unused   attr    fill
----------------------  --------  ---------  --------  --------  ----  --------
  FLASH                 00000000   00040000  0000122c  0003edd4  R  X
  SRAM                  20000000   00008000  00000205  00007dfb  RW X


SEGMENT ALLOCATION MAP

run origin  load origin   length   init length attrs members
----------  ----------- ---------- ----------- ----- -------
00000000    00000000    00001230   00001230    r-x
  00000000    00000000    0000026c   0000026c    r-- .intvecs
  0000026c    0000026c    00000e7c   00000e7c    r-x .text
  000010e8    000010e8    0000012c   0000012c    r-- .const
  00001218    00001218    00000018   00000018    r-- .cinit
20000000    20000000    00000205   00000000    rw-
  20000000    20000000    00000200   00000000    rw- .stack
  20000200    20000200    00000005   00000000    rw- .data


SECTION ALLOCATION MAP

 output                                  attributes/
section   page    origin      length       input sections
--------  ----  ----------  ----------   ----------------
.intvecs   0    00000000    0000026c     
                  00000000    0000026c     tm4c123gh6pm_startup_ccs.obj (.intvecs)

.text      0    0000026c    00000e7c     
                  0000026c    000004a8     uartstdio.obj (.text)
                  00000714    0000018c     main.obj (.text)
                  000008a0    0000016c     driverlib.lib : gpio.obj (.text:GPIOPadConfigSet)
                  00000a0c    00000118                   : sysctl.obj (.text:SysCtlClockGet)
                  00000b24    000000f4                   : sysctl.obj (.text:SysCtlClockSet)
                  00000c18    0000009c     rtsv7M4_T_le_v4SPD16_eabi.lib : memcpy_t2.asm.obj (.text)
                  00000cb4    0000007a     driverlib.lib : adc.obj (.text:ADCSequenceStepConfigure)
                  00000d2e    00000068     rtsv7M4_T_le_v4SPD16_eabi.lib : copy_decompress_lzss.c.obj (.text:decompress:lzss:__TI_decompress_lzss)
                  00000d96    0000004e     driverlib.lib : adc.obj (.text:ADCSequenceConfigure)
                  00000de4    0000004c                   : gpio.obj (.text:GPIOPinConfigure)
                  00000e30    00000046                   : uart.obj (.text:UARTConfigSetExpClk)
                  00000e76    00000002     rtsv7M4_T_le_v4SPD16_eabi.lib : div0.asm.obj (.text)
                  00000e78    00000044                                   : autoinit.c.obj (.text:__TI_auto_init_nobinit_nopinit:__TI_auto_init_nobinit_nopinit)
                  00000ebc    00000040                                   : u_divt2.asm.obj (.text)
                  00000efc    00000038     driverlib.lib : sysctl.obj (.text:SysCtlPeripheralPresent)
                  00000f34    00000034                   : sysctl.obj (.text:SysCtlPeripheralEnable)
                  00000f68    00000034     rtsv7M4_T_le_v4SPD16_eabi.lib : boot_cortex_m.c.obj (.text:_c_int00_noargs:_c_int00_noargs)
                  00000f9c    0000002e     driverlib.lib : adc.obj (.text:ADCIntStatus)
                  00000fca    0000002c                   : gpio.obj (.text:GPIODirModeSet)
                  00000ff6    00000002     --HOLE-- [fill = 0]
                  00000ff8    00000020                   : uart.obj (.text:UARTDisable)
                  00001018    0000001e                   : adc.obj (.text:ADCSequenceDataGet)
                  00001036    00000018                   : adc.obj (.text:ADCProcessorTrigger)
                  0000104e    00000016                   : gpio.obj (.text:GPIOPinTypeADC)
                  00001064    00000016                   : gpio.obj (.text:GPIOPinTypeUART)
                  0000107a    00000014                   : uart.obj (.text:UARTEnable)
                  0000108e    0000000e                   : adc.obj (.text:ADCSequenceEnable)
                  0000109c    0000000e     rtsv7M4_T_le_v4SPD16_eabi.lib : copy_decompress_none.c.obj (.text:decompress:none:__TI_decompress_none)
                  000010aa    0000000c     tm4c123gh6pm_startup_ccs.obj (.text)
                  000010b6    0000000a     driverlib.lib : adc.obj (.text:ADCIntClear)
                  000010c0    0000000a                   : uart.obj (.text:UARTCharGet)
                  000010ca    0000000a                   : uart.obj (.text:UARTCharPut)
                  000010d4    00000006                   : sysctl.obj (.text:SysCtlDelay)
                  000010da    00000006                   : uart.obj (.text:UARTClockSourceSet)
                  000010e0    00000004     rtsv7M4_T_le_v4SPD16_eabi.lib : pre_init.c.obj (.text:_system_pre_init)
                  000010e4    00000004                                   : exit.c.obj (.text:abort:abort)

.const     0    000010e8    0000012c     
                  000010e8    00000090     driverlib.lib : gpio.obj (.const:g_pui32GPIOBaseAddrs)
                  00001178    0000006c                   : sysctl.obj (.const:g_pui32Xtals)
                  000011e4    00000012     uartstdio.obj (.const:.string)
                  000011f6    00000002     --HOLE-- [fill = 0]
                  000011f8    0000000c     uartstdio.obj (.const:g_ui32UARTBase)
                  00001204    0000000c     uartstdio.obj (.const:g_ui32UARTPeriph)
                  00001210    00000004     uartstdio.obj (.const)

.cinit     0    00001218    00000018     
                  00001218    00000008     (__TI_handler_table)
                  00001220    00000007     (.cinit..data.load) [load image, compression = lzss]
                  00001227    00000001     --HOLE-- [fill = 0]
                  00001228    00000008     (__TI_cinit_table)

.init_array 
*          0    00000000    00000000     UNINITIALIZED

.data      0    20000200    00000005     UNINITIALIZED
                  20000200    00000005     uartstdio.obj (.data)

.stack     0    20000000    00000200     UNINITIALIZED
                  20000000    00000004     rtsv7M4_T_le_v4SPD16_eabi.lib : boot_cortex_m.c.obj (.stack)
                  20000004    000001fc     --HOLE--

__llvm_prf_cnts 
*          0    20000000    00000000     UNINITIALIZED

MODULE SUMMARY

       Module                         code   ro data   rw data
       ------                         ----   -------   -------
    .\
       uartstdio.obj                  1192   46        5      
       tm4c123gh6pm_startup_ccs.obj   12     620       0      
       main.obj                       396    0         0      
    +--+------------------------------+------+---------+---------+
       Total:                         1600   666       5      
                                                              
    C:/ti/TivaWare_C_Series-2.2.0.295/driverlib/ccs/Debug/driverlib.lib
       sysctl.obj                     638    108       0      
       gpio.obj                       528    144       0      
       adc.obj                        324    0         0      
       uart.obj                       148    0         0      
    +--+------------------------------+------+---------+---------+
       Total:                         1638   252       0      
                                                              
    C:\ti\ccs1110\ccs\tools\compiler\ti-cgt-arm_20.2.6.LTS\lib\rtsv7M4_T_le_v4SPD16_eabi.lib
       memcpy_t2.asm.obj              156    0         0      
       copy_decompress_lzss.c.obj     104    0         0      
       autoinit.c.obj                 68     0         0      
       u_divt2.asm.obj                64     0         0      
       boot_cortex_m.c.obj            52     0         0      
       copy_decompress_none.c.obj     14     0         0      
       exit.c.obj                     4      0         0      
       pre_init.c.obj                 4      0         0      
       div0.asm.obj                   2      0         0      
    +--+------------------------------+------+---------+---------+
       Total:                         468    0         0      
                                                              
       Stack:                         0      0         512    
       Linker Generated:              0      23        0      
    +--+------------------------------+------+---------+---------+
       Grand Total:                   3706   941       517    


LINKER GENERATED COPY TABLES

__TI_cinit_table @ 00001228 records: 1, size/record: 8, table size: 8
	.data: load addr=00001220, load size=00000007 bytes, run addr=20000200, run size=00000005 bytes, compression=lzss


LINKER GENERATED HANDLER TABLE

__TI_handler_table @ 00001218 records: 2, size/record: 4, table size: 8
	index: 0, handler: __TI_decompress_lzss
	index: 1, handler: __TI_decompress_none


GLOBAL SYMBOLS: SORTED ALPHABETICALLY BY Name 

address   name                          
-------   ----                          
000010b7  ADCIntClear                   
00000f9d  ADCIntStatus                  
00001037  ADCProcessorTrigger           
00000d97  ADCSequenceConfigure          
00001019  ADCSequenceDataGet            
0000108f  ADCSequenceEnable             
00000cb5  ADCSequenceStepConfigure      
000010e5  C$$EXIT                       
00000fcb  GPIODirModeSet                
000008a1  GPIOPadConfigSet              
00000de5  GPIOPinConfigure              
0000104f  GPIOPinTypeADC                
00001065  GPIOPinTypeUART               
00000715  InitConsole                   
000010ab  ResetISR                      
00000a0d  SysCtlClockGet                
00000b25  SysCtlClockSet                
000010d5  SysCtlDelay                   
00000f35  SysCtlPeripheralEnable        
00000efd  SysCtlPeripheralPresent       
000010c1  UARTCharGet                   
000010cb  UARTCharPut                   
000010db  UARTClockSourceSet            
00000e31  UARTConfigSetExpClk           
00000ff9  UARTDisable                   
0000107b  UARTEnable                    
0000026d  UARTStdioConfig               
000003bd  UARTgetc                      
00000303  UARTgets                      
000006df  UARTprintf                    
000003e5  UARTvprintf                   
000002b3  UARTwrite                     
20000200  __STACK_END                   
00000200  __STACK_SIZE                  
20000200  __STACK_TOP                   
00001228  __TI_CINIT_Base               
00001230  __TI_CINIT_Limit              
00001218  __TI_Handler_Table_Base       
00001220  __TI_Handler_Table_Limit      
00000e79  __TI_auto_init_nobinit_nopinit
00000d2f  __TI_decompress_lzss          
0000109d  __TI_decompress_none          
ffffffff  __TI_pprof_out_hndl           
ffffffff  __TI_prof_data_size           
ffffffff  __TI_prof_data_start          
00000000  __TI_static_base__            
00000e77  __aeabi_idiv0                 
00000e77  __aeabi_ldiv0                 
00000c19  __aeabi_memcpy                
00000c19  __aeabi_memcpy4               
00000c19  __aeabi_memcpy8               
00000ebd  __aeabi_uidiv                 
00000ebd  __aeabi_uidivmod              
ffffffff  __binit__                     
ffffffff  __c_args__                    
UNDEFED   __mpu_init                    
20000000  __stack                       
20000000  __start___llvm_prf_cnts       
20000000  __stop___llvm_prf_cnts        
00000f69  _c_int00_noargs               
UNDEFED   _system_post_cinit            
000010e1  _system_pre_init              
000010e5  abort                         
ffffffff  binit                         
00000000  g_pfnVectors                  
00000751  main                          
00000c19  memcpy                        


GLOBAL SYMBOLS: SORTED BY Symbol Address 

address   name                          
-------   ----                          
00000000  __TI_static_base__            
00000000  g_pfnVectors                  
00000200  __STACK_SIZE                  
0000026d  UARTStdioConfig               
000002b3  UARTwrite                     
00000303  UARTgets                      
000003bd  UARTgetc                      
000003e5  UARTvprintf                   
000006df  UARTprintf                    
00000715  InitConsole                   
00000751  main                          
000008a1  GPIOPadConfigSet              
00000a0d  SysCtlClockGet                
00000b25  SysCtlClockSet                
00000c19  __aeabi_memcpy                
00000c19  __aeabi_memcpy4               
00000c19  __aeabi_memcpy8               
00000c19  memcpy                        
00000cb5  ADCSequenceStepConfigure      
00000d2f  __TI_decompress_lzss          
00000d97  ADCSequenceConfigure          
00000de5  GPIOPinConfigure              
00000e31  UARTConfigSetExpClk           
00000e77  __aeabi_idiv0                 
00000e77  __aeabi_ldiv0                 
00000e79  __TI_auto_init_nobinit_nopinit
00000ebd  __aeabi_uidiv                 
00000ebd  __aeabi_uidivmod              
00000efd  SysCtlPeripheralPresent       
00000f35  SysCtlPeripheralEnable        
00000f69  _c_int00_noargs               
00000f9d  ADCIntStatus                  
00000fcb  GPIODirModeSet                
00000ff9  UARTDisable                   
00001019  ADCSequenceDataGet            
00001037  ADCProcessorTrigger           
0000104f  GPIOPinTypeADC                
00001065  GPIOPinTypeUART               
0000107b  UARTEnable                    
0000108f  ADCSequenceEnable             
0000109d  __TI_decompress_none          
000010ab  ResetISR                      
000010b7  ADCIntClear                   
000010c1  UARTCharGet                   
000010cb  UARTCharPut                   
000010d5  SysCtlDelay                   
000010db  UARTClockSourceSet            
000010e1  _system_pre_init              
000010e5  C$$EXIT                       
000010e5  abort                         
00001218  __TI_Handler_Table_Base       
00001220  __TI_Handler_Table_Limit      
00001228  __TI_CINIT_Base               
00001230  __TI_CINIT_Limit              
20000000  __stack                       
20000000  __start___llvm_prf_cnts       
20000000  __stop___llvm_prf_cnts        
20000200  __STACK_END                   
20000200  __STACK_TOP                   
ffffffff  __TI_pprof_out_hndl           
ffffffff  __TI_prof_data_size           
ffffffff  __TI_prof_data_start          
ffffffff  __binit__                     
ffffffff  __c_args__                    
ffffffff  binit                         
UNDEFED   __mpu_init                    
UNDEFED   _system_post_cinit            

[67 symbols]
