******************************************************************************
                  TI ARM Linker PC v20.2.6                     
******************************************************************************
>> Linked Sun Apr 17 18:40:45 2022

OUTPUT FILE NAME:   <APPS 1.5.out>
ENTRY POINT SYMBOL: "_c_int00_noargs"  address: 00000741


MEMORY CONFIGURATION

         name            origin    length      used     unused   attr    fill
----------------------  --------  ---------  --------  --------  ----  --------
  FLASH                 00000000   00040000  00000806  0003f7fa  R  X
  SRAM                  20000000   00008000  00000228  00007dd8  RW X


SEGMENT ALLOCATION MAP

run origin  load origin   length   init length attrs members
----------  ----------- ---------- ----------- ----- -------
00000000    00000000    0000080c   0000080c    r-x
  00000000    00000000    0000026c   0000026c    r-- .intvecs
  0000026c    0000026c    00000586   00000586    r-x .text
  000007f8    000007f8    00000014   00000014    r-- .cinit
20000000    20000000    00000228   00000000    rw-
  20000000    20000000    00000200   00000000    rw- .stack
  20000200    20000200    00000028   00000000    rw- .bss


SECTION ALLOCATION MAP

 output                                  attributes/
section   page    origin      length       input sections
--------  ----  ----------  ----------   ----------------
.intvecs   0    00000000    0000026c     
                  00000000    0000026c     tm4c123gh6pm_startup_ccs.obj (.intvecs)

.text      0    0000026c    00000586     
                  0000026c    00000240     main.obj (.text)
                  000004ac    000000fc     rtsv7M4_T_le_v4SPD16_eabi.lib : fd_mul_t2.asm.obj (.text)
                  000005a8    00000086                                   : fd_cmp_t2.asm.obj (.text:__aeabi_cdcmple)
                  0000062e    00000086                                   : fd_cmp_t2.asm.obj (.text:__aeabi_cdrcmple)
                  000006b4    00000048                                   : fd_toi_t2.asm.obj (.text)
                  000006fc    00000044                                   : autoinit.c.obj (.text:__TI_auto_init_nobinit_nopinit:__TI_auto_init_nobinit_nopinit)
                  00000740    00000034                                   : boot_cortex_m.c.obj (.text:_c_int00_noargs:_c_int00_noargs)
                  00000774    0000002e                                   : i_tofd_t2.asm.obj (.text)
                  000007a2    00000020                                   : u_tofd_t2.asm.obj (.text)
                  000007c2    0000001c                                   : copy_zero_init.c.obj (.text:decompress:ZI:__TI_zero_init_nomemset:__TI_zero_init_nomemset)
                  000007de    0000000c     tm4c123gh6pm_startup_ccs.obj (.text)
                  000007ea    00000004     rtsv7M4_T_le_v4SPD16_eabi.lib : pre_init.c.obj (.text:_system_pre_init)
                  000007ee    00000004                                   : exit.c.obj (.text:abort:abort)

.cinit     0    000007f8    00000014     
                  000007f8    00000008     (.cinit..bss.load) [load image, compression = zero_init]
                  00000800    00000004     (__TI_handler_table)
                  00000804    00000008     (__TI_cinit_table)

.init_array 
*          0    00000000    00000000     UNINITIALIZED

.bss       0    20000200    00000028     UNINITIALIZED
                  20000200    00000020     (.common:ui32ADC0Value)
                  20000220    00000004     (.common:ui32ADCAvg)
                  20000224    00000004     (.common:x)

.stack     0    20000000    00000200     UNINITIALIZED
                  20000000    00000004     rtsv7M4_T_le_v4SPD16_eabi.lib : boot_cortex_m.c.obj (.stack)
                  20000004    000001fc     --HOLE--

__llvm_prf_cnts 
*          0    20000000    00000000     UNINITIALIZED

MODULE SUMMARY

       Module                         code   ro data   rw data
       ------                         ----   -------   -------
    .\
       tm4c123gh6pm_startup_ccs.obj   12     620       0      
       main.obj                       576    0         40     
    +--+------------------------------+------+---------+---------+
       Total:                         588    620       40     
                                                              
    C:\ti\ccs1110\ccs\tools\compiler\ti-cgt-arm_20.2.6.LTS\lib\rtsv7M4_T_le_v4SPD16_eabi.lib
       fd_cmp_t2.asm.obj              268    0         0      
       fd_mul_t2.asm.obj              252    0         0      
       fd_toi_t2.asm.obj              72     0         0      
       autoinit.c.obj                 68     0         0      
       boot_cortex_m.c.obj            52     0         0      
       i_tofd_t2.asm.obj              46     0         0      
       u_tofd_t2.asm.obj              32     0         0      
       copy_zero_init.c.obj           28     0         0      
       exit.c.obj                     4      0         0      
       pre_init.c.obj                 4      0         0      
    +--+------------------------------+------+---------+---------+
       Total:                         826    0         0      
                                                              
       Stack:                         0      0         512    
       Linker Generated:              0      20        0      
    +--+------------------------------+------+---------+---------+
       Grand Total:                   1414   640       552    


LINKER GENERATED COPY TABLES

__TI_cinit_table @ 00000804 records: 1, size/record: 8, table size: 8
	.bss: load addr=000007f8, load size=00000008 bytes, run addr=20000200, run size=00000028 bytes, compression=zero_init


LINKER GENERATED HANDLER TABLE

__TI_handler_table @ 00000800 records: 1, size/record: 4, table size: 4
	index: 0, handler: __TI_zero_init


GLOBAL SYMBOLS: SORTED ALPHABETICALLY BY Name 

address   name                          
-------   ----                          
000007ef  C$$EXIT                       
000007df  ResetISR                      
20000200  __STACK_END                   
00000200  __STACK_SIZE                  
20000200  __STACK_TOP                   
00000804  __TI_CINIT_Base               
0000080c  __TI_CINIT_Limit              
00000800  __TI_Handler_Table_Base       
00000804  __TI_Handler_Table_Limit      
000006fd  __TI_auto_init_nobinit_nopinit
ffffffff  __TI_pprof_out_hndl           
ffffffff  __TI_prof_data_size           
ffffffff  __TI_prof_data_start          
00000000  __TI_static_base__            
000007c3  __TI_zero_init_nomemset       
000005a9  __aeabi_cdcmpeq               
000005a9  __aeabi_cdcmple               
0000062f  __aeabi_cdrcmple              
000006b5  __aeabi_d2iz                  
000004ad  __aeabi_dmul                  
00000775  __aeabi_i2d                   
000007a3  __aeabi_ui2d                  
ffffffff  __binit__                     
ffffffff  __c_args__                    
UNDEFED   __mpu_init                    
20000000  __stack                       
20000000  __start___llvm_prf_cnts       
20000000  __stop___llvm_prf_cnts        
00000741  _c_int00_noargs               
UNDEFED   _system_post_cinit            
000007eb  _system_pre_init              
000007ef  abort                         
ffffffff  binit                         
00000000  g_pfnVectors                  
0000026d  main                          
20000200  ui32ADC0Value                 
20000220  ui32ADCAvg                    
20000224  x                             


GLOBAL SYMBOLS: SORTED BY Symbol Address 

address   name                          
-------   ----                          
00000000  __TI_static_base__            
00000000  g_pfnVectors                  
00000200  __STACK_SIZE                  
0000026d  main                          
000004ad  __aeabi_dmul                  
000005a9  __aeabi_cdcmpeq               
000005a9  __aeabi_cdcmple               
0000062f  __aeabi_cdrcmple              
000006b5  __aeabi_d2iz                  
000006fd  __TI_auto_init_nobinit_nopinit
00000741  _c_int00_noargs               
00000775  __aeabi_i2d                   
000007a3  __aeabi_ui2d                  
000007c3  __TI_zero_init_nomemset       
000007df  ResetISR                      
000007eb  _system_pre_init              
000007ef  C$$EXIT                       
000007ef  abort                         
00000800  __TI_Handler_Table_Base       
00000804  __TI_CINIT_Base               
00000804  __TI_Handler_Table_Limit      
0000080c  __TI_CINIT_Limit              
20000000  __stack                       
20000000  __start___llvm_prf_cnts       
20000000  __stop___llvm_prf_cnts        
20000200  __STACK_END                   
20000200  __STACK_TOP                   
20000200  ui32ADC0Value                 
20000220  ui32ADCAvg                    
20000224  x                             
ffffffff  __TI_pprof_out_hndl           
ffffffff  __TI_prof_data_size           
ffffffff  __TI_prof_data_start          
ffffffff  __binit__                     
ffffffff  __c_args__                    
ffffffff  binit                         
UNDEFED   __mpu_init                    
UNDEFED   _system_post_cinit            

[38 symbols]
