******************************************************************************
                  TI ARM Linker PC v20.2.6                     
******************************************************************************
>> Linked Tue Apr 19 13:43:30 2022

OUTPUT FILE NAME:   <APPS 1.10.out>
ENTRY POINT SYMBOL: "_c_int00_noargs"  address: 000009c9


MEMORY CONFIGURATION

         name            origin    length      used     unused   attr    fill
----------------------  --------  ---------  --------  --------  ----  --------
  FLASH                 00000000   00040000  00000b42  0003f4be  R  X
  SRAM                  20000000   00008000  0000021c  00007de4  RW X


SEGMENT ALLOCATION MAP

run origin  load origin   length   init length attrs members
----------  ----------- ---------- ----------- ----- -------
00000000    00000000    00000b48   00000b48    r-x
  00000000    00000000    0000026c   0000026c    r-- .intvecs
  0000026c    0000026c    000008b6   000008b6    r-x .text
  00000b28    00000b28    00000020   00000020    r-- .cinit
20000000    20000000    0000021c   00000000    rw-
  20000000    20000000    00000200   00000000    rw- .stack
  20000200    20000200    0000001c   00000000    rw- .data


SECTION ALLOCATION MAP

 output                                  attributes/
section   page    origin      length       input sections
--------  ----  ----------  ----------   ----------------
.intvecs   0    00000000    0000026c     
                  00000000    0000026c     tm4c123gh6pm_startup_ccs.obj (.intvecs)

.text      0    0000026c    000008b6     
                  0000026c    00000230     main.obj (.text)
                  0000049c    0000016c     driverlib.lib : gpio.obj (.text:GPIOPadConfigSet)
                  00000608    000000f4                   : sysctl.obj (.text:SysCtlClockSet)
                  000006fc    0000009c     rtsv7M4_T_le_v4SPD16_eabi.lib : memcpy_t2.asm.obj (.text)
                  00000798    00000086                                   : fd_cmp_t2.asm.obj (.text:__aeabi_cdcmple)
                  0000081e    0000007a     driverlib.lib : adc.obj (.text:ADCSequenceStepConfigure)
                  00000898    00000068     rtsv7M4_T_le_v4SPD16_eabi.lib : copy_decompress_lzss.c.obj (.text:decompress:lzss:__TI_decompress_lzss)
                  00000900    0000004e     driverlib.lib : adc.obj (.text:ADCSequenceConfigure)
                  0000094e    00000002     --HOLE-- [fill = 0]
                  00000950    00000044     rtsv7M4_T_le_v4SPD16_eabi.lib : autoinit.c.obj (.text:__TI_auto_init_nobinit_nopinit:__TI_auto_init_nobinit_nopinit)
                  00000994    00000034     driverlib.lib : sysctl.obj (.text:SysCtlPeripheralEnable)
                  000009c8    00000034     rtsv7M4_T_le_v4SPD16_eabi.lib : boot_cortex_m.c.obj (.text:_c_int00_noargs:_c_int00_noargs)
                  000009fc    0000002e     driverlib.lib : adc.obj (.text:ADCIntStatus)
                  00000a2a    0000002c                   : gpio.obj (.text:GPIODirModeSet)
                  00000a56    00000020     rtsv7M4_T_le_v4SPD16_eabi.lib : u_tofd_t2.asm.obj (.text)
                  00000a76    0000001e     driverlib.lib : adc.obj (.text:ADCSequenceDataGet)
                  00000a94    0000001a                   : gpio.obj (.text:GPIOPinTypeGPIOOutput)
                  00000aae    00000018                   : adc.obj (.text:ADCProcessorTrigger)
                  00000ac6    00000016                   : gpio.obj (.text:GPIOPinTypeADC)
                  00000adc    0000000e                   : adc.obj (.text:ADCSequenceEnable)
                  00000aea    0000000e     rtsv7M4_T_le_v4SPD16_eabi.lib : copy_decompress_none.c.obj (.text:decompress:none:__TI_decompress_none)
                  00000af8    0000000c     tm4c123gh6pm_startup_ccs.obj (.text)
                  00000b04    0000000a     driverlib.lib : adc.obj (.text:ADCIntClear)
                  00000b0e    00000006                   : gpio.obj (.text:GPIOPinWrite)
                  00000b14    00000006                   : sysctl.obj (.text:SysCtlDelay)
                  00000b1a    00000004     rtsv7M4_T_le_v4SPD16_eabi.lib : pre_init.c.obj (.text:_system_pre_init)
                  00000b1e    00000004                                   : exit.c.obj (.text:abort:abort)

.cinit     0    00000b28    00000020     
                  00000b28    0000000d     (.cinit..data.load) [load image, compression = lzss]
                  00000b35    00000003     --HOLE-- [fill = 0]
                  00000b38    00000008     (__TI_handler_table)
                  00000b40    00000008     (__TI_cinit_table)

.init_array 
*          0    00000000    00000000     UNINITIALIZED

.data      0    20000200    0000001c     UNINITIALIZED
                  20000200    0000001c     main.obj (.data)

.stack     0    20000000    00000200     UNINITIALIZED
                  20000000    00000004     rtsv7M4_T_le_v4SPD16_eabi.lib : boot_cortex_m.c.obj (.stack)
                  20000004    000001fc     --HOLE--

__llvm_prf_cnts 
*          0    20000000    00000000     UNINITIALIZED

MODULE SUMMARY

       Module                         code   ro data   rw data
       ------                         ----   -------   -------
    .\
       tm4c123gh6pm_startup_ccs.obj   12     620       0      
       main.obj                       560    0         28     
    +--+------------------------------+------+---------+---------+
       Total:                         572    620       28     
                                                              
    C:/ti/TivaWare_C_Series-2.2.0.295/driverlib/ccs/Debug/driverlib.lib
       gpio.obj                       462    0         0      
       adc.obj                        324    0         0      
       sysctl.obj                     302    0         0      
    +--+------------------------------+------+---------+---------+
       Total:                         1088   0         0      
                                                              
    C:\ti\ccs1110\ccs\tools\compiler\ti-cgt-arm_20.2.6.LTS\lib\rtsv7M4_T_le_v4SPD16_eabi.lib
       memcpy_t2.asm.obj              156    0         0      
       fd_cmp_t2.asm.obj              134    0         0      
       copy_decompress_lzss.c.obj     104    0         0      
       autoinit.c.obj                 68     0         0      
       boot_cortex_m.c.obj            52     0         0      
       u_tofd_t2.asm.obj              32     0         0      
       copy_decompress_none.c.obj     14     0         0      
       exit.c.obj                     4      0         0      
       pre_init.c.obj                 4      0         0      
    +--+------------------------------+------+---------+---------+
       Total:                         568    0         0      
                                                              
       Stack:                         0      0         512    
       Linker Generated:              0      29        0      
    +--+------------------------------+------+---------+---------+
       Grand Total:                   2228   649       540    


LINKER GENERATED COPY TABLES

__TI_cinit_table @ 00000b40 records: 1, size/record: 8, table size: 8
	.data: load addr=00000b28, load size=0000000d bytes, run addr=20000200, run size=0000001c bytes, compression=lzss


LINKER GENERATED HANDLER TABLE

__TI_handler_table @ 00000b38 records: 2, size/record: 4, table size: 8
	index: 0, handler: __TI_decompress_lzss
	index: 1, handler: __TI_decompress_none


GLOBAL SYMBOLS: SORTED ALPHABETICALLY BY Name 

address   name                          
-------   ----                          
00000b05  ADCIntClear                   
000009fd  ADCIntStatus                  
00000aaf  ADCProcessorTrigger           
00000901  ADCSequenceConfigure          
00000a77  ADCSequenceDataGet            
00000add  ADCSequenceEnable             
0000081f  ADCSequenceStepConfigure      
00000b1f  C$$EXIT                       
2000020c  Fs                            
00000a2b  GPIODirModeSet                
0000049d  GPIOPadConfigSet              
00000ac7  GPIOPinTypeADC                
00000a95  GPIOPinTypeGPIOOutput         
00000b0f  GPIOPinWrite                  
00000af9  ResetISR                      
00000609  SysCtlClockSet                
00000b15  SysCtlDelay                   
00000995  SysCtlPeripheralEnable        
20000200  __STACK_END                   
00000200  __STACK_SIZE                  
20000200  __STACK_TOP                   
00000b40  __TI_CINIT_Base               
00000b48  __TI_CINIT_Limit              
00000b38  __TI_Handler_Table_Base       
00000b40  __TI_Handler_Table_Limit      
00000951  __TI_auto_init_nobinit_nopinit
00000899  __TI_decompress_lzss          
00000aeb  __TI_decompress_none          
ffffffff  __TI_pprof_out_hndl           
ffffffff  __TI_prof_data_size           
ffffffff  __TI_prof_data_start          
00000000  __TI_static_base__            
00000799  __aeabi_cdcmpeq               
00000799  __aeabi_cdcmple               
000006fd  __aeabi_memcpy                
000006fd  __aeabi_memcpy4               
000006fd  __aeabi_memcpy8               
00000a57  __aeabi_ui2d                  
ffffffff  __binit__                     
ffffffff  __c_args__                    
UNDEFED   __mpu_init                    
20000000  __stack                       
20000000  __start___llvm_prf_cnts       
20000000  __stop___llvm_prf_cnts        
000009c9  _c_int00_noargs               
UNDEFED   _system_post_cinit            
00000b1b  _system_pre_init              
00000b1f  abort                         
ffffffff  binit                         
00000000  g_pfnVectors                  
0000026d  main                          
000006fd  memcpy                        
20000218  r                             
20000214  s                             
20000210  t                             
20000200  x                             
20000204  y                             
20000208  z                             


GLOBAL SYMBOLS: SORTED BY Symbol Address 

address   name                          
-------   ----                          
00000000  __TI_static_base__            
00000000  g_pfnVectors                  
00000200  __STACK_SIZE                  
0000026d  main                          
0000049d  GPIOPadConfigSet              
00000609  SysCtlClockSet                
000006fd  __aeabi_memcpy                
000006fd  __aeabi_memcpy4               
000006fd  __aeabi_memcpy8               
000006fd  memcpy                        
00000799  __aeabi_cdcmpeq               
00000799  __aeabi_cdcmple               
0000081f  ADCSequenceStepConfigure      
00000899  __TI_decompress_lzss          
00000901  ADCSequenceConfigure          
00000951  __TI_auto_init_nobinit_nopinit
00000995  SysCtlPeripheralEnable        
000009c9  _c_int00_noargs               
000009fd  ADCIntStatus                  
00000a2b  GPIODirModeSet                
00000a57  __aeabi_ui2d                  
00000a77  ADCSequenceDataGet            
00000a95  GPIOPinTypeGPIOOutput         
00000aaf  ADCProcessorTrigger           
00000ac7  GPIOPinTypeADC                
00000add  ADCSequenceEnable             
00000aeb  __TI_decompress_none          
00000af9  ResetISR                      
00000b05  ADCIntClear                   
00000b0f  GPIOPinWrite                  
00000b15  SysCtlDelay                   
00000b1b  _system_pre_init              
00000b1f  C$$EXIT                       
00000b1f  abort                         
00000b38  __TI_Handler_Table_Base       
00000b40  __TI_CINIT_Base               
00000b40  __TI_Handler_Table_Limit      
00000b48  __TI_CINIT_Limit              
20000000  __stack                       
20000000  __start___llvm_prf_cnts       
20000000  __stop___llvm_prf_cnts        
20000200  __STACK_END                   
20000200  __STACK_TOP                   
20000200  x                             
20000204  y                             
20000208  z                             
2000020c  Fs                            
20000210  t                             
20000214  s                             
20000218  r                             
ffffffff  __TI_pprof_out_hndl           
ffffffff  __TI_prof_data_size           
ffffffff  __TI_prof_data_start          
ffffffff  __binit__                     
ffffffff  __c_args__                    
ffffffff  binit                         
UNDEFED   __mpu_init                    
UNDEFED   _system_post_cinit            

[58 symbols]
